possible bashism in bashisms/808271.sh line 3 (type):
if type which; then
possible bashism in bashisms/808271.sh line 7 (type):
if ! type which; then
