possible bashism in bashisms/command.sh line 5 ('command' with option other than -p):
command -v test # BASHISM
possible bashism in bashisms/command.sh line 6 ('command' with option other than -p):
command -V test # BASHISM
