possible bashism in bashisms/comments-parsing-fns.sh line 3 (echo -e):
echo $# ; echo -e BASHISM
