possible bashism in bashisms/coproc.sh line 3 (coproc):
coproc true # BASHISM
