possible bashism in bashisms/glob-ignore.sh line 3 (GLOBIGNORE=):
GLOBIGNORE="run-tests.sh:BASHISM"
