possible bashism in bashisms/hash.sh line 3 (hash):
: BASHISM; hash
possible bashism in bashisms/hash.sh line 4 (hash):
hash which # BASHISM
possible bashism in bashisms/hash.sh line 5 (hash):
hash -r # BASHISM
