possible bashism in bashisms/heredocs.sh line 9 (echo -e):
echo -e moo # BASHISM
possible bashism in bashisms/heredocs.sh line 17 (echo -e):
	echo -e BASHISM
possible bashism in bashisms/heredocs.sh line 28 (echo -e):
	echo -e BASHISM
possible bashism in bashisms/heredocs.sh line 42 (echo -e):
	echo -e BASHISM
possible bashism in bashisms/heredocs.sh line 51 (echo -e):
    echo -e BASHISM
