possible bashism in bashisms/negations.sh line 4 ([^] should be [!]):
    [^f]oo) # BASHISM
