possible bashism in bashisms/quoted-strings.sh line 7 (echo -e):
echo -e BASHISM
possible bashism in bashisms/quoted-strings.sh line 12 (echo -e):
echo -e BASHISM
possible bashism in bashisms/quoted-strings.sh line 16 (echo -e):
	echo -e BASHISM
possible bashism in bashisms/quoted-strings.sh line 20 (echo -e):
echo -e BASHISM
possible bashism in bashisms/quoted-strings.sh line 24 (echo -e):
	echo -e BASHISM
possible bashism in bashisms/quoted-strings.sh line 27 (echo -e):
	echo -e BASHISM
possible bashism in bashisms/quoted-strings.sh line 30 (echo -e):
	echo -e BASHISM
possible bashism in bashisms/quoted-strings.sh line 34 (echo -e):
echo -e BASHISM
possible bashism in bashisms/quoted-strings.sh line 37 (echo -e):
echo -e BASHISM
