possible bashism in bashisms/source line 2 (should be '.', not 'source'):
source foo.sh # BASHISM
